// Vitest Snapshot v1, https://vitest.dev/guide/snapshot.html

exports[`Logotype > should render logotype text 1`] = `
<div
  class="logotype"
>
  <div
    class="logotype__mark"
  >
    <span
      aria-hidden="true"
      class="iconify i-lucide:chart-bar logotype__icon"
      style="font-size: 24px;"
    />
  </div>
  <h1
    class="logotype__title"
  >
    профитабилити.ру
  </h1>
  <p
    class="logotype__tagline"
  >
    Ваш финансовый аналитик
  </p>
</div>
`;
